                           LISTE DES FICHIERS
                           ==================

Les fichiers suivants vont ˆtre install‚s sur votre disque dur.
   
Dans le r‚pertoire \SB16 :
   
   FILELIST.LST - Ce fichier
   LISEZMOI.COM - Affiche le fichier LISEZMOI.TXT
   LISEZMOI.TXT - Fichier texte contenant des informations non imprim‚es 
                  dans les manuels
   CQA     .COM - Affiche le fichier CQA.TXT
   CQA     .TXT - Fichier texte contenant des questions/r‚ponse techniques
   DIAGNOSE.EXE - Programme de diagnostic Sound Blaster 16
   SB16SET .EXE - Contr“leur de la table de mixage Sound Blaster 16
   CTMIX   .CFG - Fichier de configuration pour SB16SET.EXE
   SBFMDRV .COM - Gestionnaire r‚sident pour musique FM
   PLAY    .EXE - Utilitaire de lecture audio
   RECORD  .EXE - Utilitaire d'enregistrement audio
   QCD     .EXE - Platine QuickCD
   AWEUTIL .COM - Utilitaire de configuration Sound Blaster AWE32
   WINSETUP.EXE - Installation des gestionnaires et des applications
                  Sound Blaster 16 sous Windows 3.1
   WINSETUP.INF - Fichier d'information de l'application WINSETUP
   INSTALL .EXE - Programme d'installation Sound Blaster 16
   INSTALL .PVL - BibliothŠque compress‚e pour INSTALL.EXE

Dans le sous-r‚pertoire \SB16\CSP :

   WO0006  .CSP - Routine de compression CCITT ALAW pour lecture
   WO0007  .CSP - Routine de compression CCITT uLAW pour lecture
   WO0200  .CSP - Routine  de compression Creative ADPCM  pour lecture
   WI0006  .CSP - Routine de compression CCITT ALAW pour enregistrement
   WI0007  .CSP - Routine de compression CCITT uLAW pour enregistrement
   WI0200  .CSP - Routine de compression Creative ADPCM pour enregistrement
   WFM0001A.CSP - Routine de diffusion d'effets audio PCM
   WFM0006A.CSP - Routine de diffusion et d'enregistrement CODEC
                  de type CCITT ALaw
   WFM0007A.CSP - Routine de diffusion et d'enregistrement CODEC
                  de type CCITT u-Law
   WFM0200A.CSP - Routine de diffusion et d'enregistrement CODEC
                  de type Creative ADPCM
   WFM0011A.CSP - Routine pour la compression ADPCM IMA/DVI pour
                  l'enregistrement et la lecture
   WFM0202A.CSP - Routine pour la compression Creative FastSpeech 8 pour
                  l'enregistrement et la lecture
   WFM0203A.CSP - Routine pour la compression Creative FastSpeech 10 pour
                  l'enregistrement et la lecture
   WFM0201A.CSP - Routine pour TextAssist

Dans le sous-r‚pertoire \SB16\DRV :
   
   AUXDRV  .DRV - Gestionnaire auxilliaire de contr“le du volume
   CT-VOICE.DRV - Gestionnaire pour les voix (version m‚moire)
   CTVDSK  .DRV - Gestionnaire pour les voix (version disque dur)
   CTWDSK  .DRV - Gestionnaire pour les ‚chantillons (version disque dur)
   CTWMEM  .DRV - Gestionnaire pour les ‚chantillons (version m‚moire)
   CTMIDI  .DRV - Gestionnaire chargeable pour MIDI (MIDI g‚n‚ral)
                  (version m‚moire)
   CTGS    .DRV - Gestionnaire chargeable pour MIDI (Roland GS)
                  (version m‚moire)
   CTMT32  .DRV - Gestionnaire chargeable pour MIDI (Roland MT-32)
                  (version m‚moire)
   ORGAN   .DRV - Gestionnaire pour l'application PRO_ORG
   CTMMSYS .SYS - Gestionnaire de p‚riph‚rique physique pour l'architecture
                  multim‚dia SB16
   CTSB16  .SYS - Gestionnaire de p‚riph‚rique d'int‚gration pour
                  l'architecture multim‚dia SB16
   CSP     .SYS - Gestionnaire SB16 pour Advanced Signal Processor
   CTEFFECT.DRV - Gestionnaire DOS pour QSound

Dans le sous-r‚pertoire \SB16\PRO_ORG :
   
   PRO_ORG .EXE - Application Intelligent Organ
   *       .ORG - Fichiers orgue exemples
   
Dans le sous-r‚pertoire \SB16\QSOUND :

   QSALIGN .EXE - Programme d'alignement des haut-parleurs
   QSDEMO  .EXE - Programme de d‚monstration QSound
   QSOUND  .PCX - }
   QSDEMO1 .PCX - } Fichiers PCX utilis‚s par QSOUND.EXE
   QSDEMO2 .PCX - }
   RIFLE   .WAV - Fichier audio (.WAV) utilis‚ par QSOUND.EXE
   LQSOUND .VOC - } Fichiers audio (.VOC) utilis‚s parQSOUND.EXE
   RQSOUND .VOC - }

Dans le sous-r‚pertoire \SB16\SAMPLES :

   *       .CMF - Fichiers musique CMF exemples
   *       .MID - Fichiers MIDI exemples
   *       .VOC - Fichiers voix exemples
   *       .WAV - Fichier ‚chantillon exemple

Dans le sous-r‚pertoire \SB16\SFBANK :

   *       .SBK - Fichiers de banques synth‚tiseur

Dans le sous-r‚pertoire \SB16\T_ASSIST.

   TEXTASST.BIN - Fichier binaire TextAssist

   LSBTAB  .DAT - } Fichiers
   LSWTAB  .DAT - } de 
   SUFFTAB .DAT - } donn‚es
   TAVOICE .DAT - } TextAssist

   PEOPLE  .DIC - } Fichiers dictionnaires
   TECH    .DIC - } exemples de TextAssist
   HOOK    .DLL - } Fichiers DLL
   OCLCTL  .DLL - } pour TextAssist

   CTSW    .EXE - Moteur texte-vers-parole (ne pas ex‚cuter)
   TACONTRL.EXE - Panneau de contr“le TextAssist
   TADICT  .EXE - Dictionnaire TextAssist
   TAREADER.EXE - Programme de lecture de texte
   TALKSCHD.EXE - Talking Scheduler (l'agenda parlant)
   TALKSCHD.HLP - Fichier d'aide pour Talking Scheduler
   TEXTOLE .EXE - Editeur texte-vers-parole avec support OLE
   TEXTOLE .HLP - Fichier d'aide pour Texto'LE
   *       .TXT - Fichiers texte exemples

Dans le sous-r‚pertoire \SB16\V_ASSIST :
   
   V_ASSIST.EXE     - Application Creative VoiceAssist
   VASHOOKS DLL     - } Librairies de
   VPROCMD  DLL     - } reconnaissance vocale
   V_ASSIST HLP     - Fichier d'aide interactive VoiceAssist
   GENFMALE SRT     - Fichier g‚n‚rique pour une femme
   GENMALE  SRT     - Fichier g‚n‚rique pour un homme

Dans le sous-r‚pertoire \SB16\WINAPPL :
   
   REMOTE  .EXE - T‚l‚commande
   REMOTE  .HLP - Fichier d'aide de la t‚l‚commande
   CTCD    .EXE - Platine audio
   CTCD    .HLP - Fichier d'aide de la platine audio
   CTWAV   .EXE - Platine son
   CTWAV   .HLP - Fichier d'aide de la platine son
   CTMIDI  .EXE - Platine Midi
   CTMIDI  .HLP - Fichier d'aide de la platine Midi
   CTMIXER .EXE - Table de mixage Sound Blaster
   CTMIX16 .HLP - Fichier d'aide du contr“leur de mixage Sound Blaster
   SOUNDOLE.EXE - Serveur OLE pour fichiers Wave (.WAV)
   CTWAVE  .EXE - Application Creative WaveStudio
   CTWHELP .HLP - Fichier d'aide de Creative WaveStudio
   MOSAIC  .EXE - Application/Jeu Creative Mosaic
   MOSAIC  .HLP - Fichier d'aide Creative Mosaic
   *       .BMP - Fichiers bitmap exemples
   QSOUND  .EXE - Panneau de configuration QSound
   CTCONFIG.EXE - Programme Windows de configuration Sound Blaster 16
   CTCONFIG.HLP - Fichier d'aide pour CTCONFIG.EXE
   AWECP   .EXE - Panneau de contr“le Sound Blaster AWE32
   AWEGUI  .HLP - Fichier d'aide pour Panneau de contr“le Sound Blaster AWE32
   DEFAULT .BOB - ParamŠtre d'‚v‚nements par d‚faut du panneau de contr“le

Dans le sous-r‚pertoire \SB16\WINDRV :
   
   VSBPD   .386 - Gestionnaire Windows
   MIDIMAP .CFG - Fichier de configuration MIDI pour Windows
   SB16AUX .DRV - Gestionnaire auxilliaire
   SBAWE32 .DRV - Gestionnaire MIDI Sound Blaster AWE32
   SB16FM  .DRV - Gestionnaire Voyetra / Sound Blaster SuperSAPI FM
   SB16SND .DRV - Gestionnaire Wave et MIDI
   OEMSETUP.INF - Script d'installation sous Windows
   AWEMAN  .DLL - Gestionnaire Sound Blaster AWE32 Windows
   AWEGUI  .DLL - BibliothŠque de support du panneau de contr“le
                  Sound Blaster AWE32
   CSPMAN  .DLL - Librairie dynamique pour Advanced Signal Processor
   CTRES   .DLL - Librairie dynamique Creative
   CTCCW   .DLL - Fichier DLL de personnalisation
   CTQSND  .DLL - Librairie de lien dynamique QSound
   CTL3D   .DLL - Librairie de lien dynamique 3D
   BWCC    .DLL - Librairie Windows de Borland
   CTWFLT  .DLL - Gestionnaire de filtre audio Creative
   WFLT0001.DLL - Filtre audio pour le format PCM
   WFLT0002.DLL - Filtre audio pour le format MS ADPCM
   WFLT0006.DLL - Filtre audio pour le format CCITT A-Law
   WFLT0007.DLL - Filtre audio pour le format CCITT u-Law
   WFLT0011.DLL - Filtre audio pour le format IMA/DVI ADPCM
   WFLT0200.DLL - Filtre audio pour le format Creative ADPCM
   CTRCC   .DLL - Contr“le personnalis‚ des ressources Creative
   CTREMOTE.DLL - DLL de la t‚l‚commande
   CTREMOTE.INI - Fichier d'initialisation de la t‚l‚commande
   WFM0006 .ACV - Gestionnaire Windows de CODEC logiciel pour CCITT A-Law
   WFM0007 .ACV - Gestionnaire Windows de CODEC logiciel pour CCITT u-Law
   WFM0011 .ACV - Gestionnaire Windows de CODEC logiciel pour IMA/DVI ADPCM
   WFM0200 .ACV - Gestionnaire Windows de CODEC logiciel pour Creative ADPCM
   WFM0202 .ACV - Gestionnaire Windows pour un CODEC logiciel pour Creative
                  FastSpeech 8
   WFM0203 .ACV - Gestionnaire Windows pour un CODEC pour Creative
                  FastSpeech 10
   WFM0201 .ACV - Gestionnaire Windows pour TextAssist
   CTSFRAME.DLL - } BibliothŠques dynamiques pour
   TSKERNEL.DLL - } TextAssist
   TACONTRL.INI - Fichier d'initialisation pour le panneau de contr“le de
                  TextAssist

Dans le sous-r‚pertoire \SB16\DRV :

Lecteurs de CD-ROM SONY
    SLCD    .SYS - Gestionnaire CD-ROM SONY

Lecteurs de CD-ROM Creative
    SBCD    .SYS - Gestionnaire CD-ROM Creative
   
Lecteurs de CD-ROM MITSUMI
    MTMCDE  .SYS - Gestionnaire CD-ROM MITSUMI CRMC LU005S
    MTMCDS  .SYS - Gestionnaire CD-ROM MITSUMI CRMC LU005S
   
    MTMCDAE .SYS - Gestionnaire CD-ROM MITSUMI CRMC FX001/FX001D
    MTMCDAS .SYS - Gestionnaire CD-ROM MITSUMI CRMC FX001/FX001D


Les fichiers suivants seront copi‚s dans votre r‚pertoire Windows ou
Windows \SYSTEM. Vous ne devez pas avoir des copies dupliqu‚es de ces
fichiers dans les deux r‚pertoires.

   Les fichiers suivants doivent se trouver dans votre r‚pertoire WINDOWS:

      CTRES.DLL        CTCCW.DLL        BWCC.DLL         CTREMOTE.DLL
      CTRCC.DLL        CTREMOTE.INI     CTQSND.DLL       AWEMAN.DLL
      AWEGUI.DLL       CTSFRAME.DLL     TSKERNEL.DLL     TACONTRL.INI

   Les fichiers suivants doivent se trouver dans votre r‚pertoire
   WINDOWS\SYSTEM:

      VSBPD.386        SB16SND.DRV      SB16FM.DRV       SB16AUX.DRV
      MIDIMAP.CFG      CSPMAN.DLL       WFM0006.ACV      WFM0007.ACV
      WFM0011.ACV      WFM0200.ACV      WFM0202.ACV      WFM0203.ACV
      CTL3D.DLL        CTWFLT.DLL       WFLT0001.DLL     WFLT0002.DLL
      WFLT0006.DLL     WFLT0007.DLL     WFLT0011.DLL     WFLT0200.DLL
      SBAWE32.DRV      WFM0201.ACV
