start
hardware ok, base 220
  irq 5
  dma 5
probing wavetable
Probe: src 0
RecHwStart: enter
RecHwStart: buffer at 00040000
RecHwStart: DSP reset ok
RecHwStart: IRQ 5 hooked
RecHwStart: running, DMA 5
RecHwStop: enter, peak 195
RecHwStop: done
Probe: peak 195
Probe: src 0
RecHwStart: enter
RecHwStart: buffer at 00040000
RecHwStart: DSP reset ok
RecHwStart: IRQ 5 hooked
RecHwStart: running, DMA 5
RecHwStop: enter, peak 371
RecHwStop: done
Probe: peak 371
Probe: src 0
RecHwStart: enter
RecHwStart: buffer at 00040000
RecHwStart: DSP reset ok
RecHwStart: IRQ 5 hooked
RecHwStart: running, DMA 5
RecHwStop: enter, peak 724
RecHwStop: done
Probe: peak 724
Probe: src 0
RecHwStart: enter
RecHwStart: buffer at 00040000
RecHwStart: DSP reset ok
RecHwStart: IRQ 5 hooked
RecHwStart: running, DMA 5
RecHwStop: enter, peak 1415
RecHwStop: done
Probe: peak 1415
RecHwStart: enter
RecHwStart: buffer at 00040000
RecHwStart: DSP reset ok
RecHwStart: IRQ 5 hooked
RecHwStart: running, DMA 5
path decided, starting the run
countdown done
block 1
block 2
block 3
block 4
block 5
block 6
block 7
block 8
block 9
block 10
block 11
block 12
block 13
block 14
block 15
block 16
block 17
block 18
block 19
block 20
block 21
block 22
RecHwStop: enter, peak 8170
RecHwStop: done
